// Jest Snapshot v1, https://goo.gl/fbAQLP

exports[`renders correctly 1`] = `
<div
  className="sc-bczRLJ fCXZKv"
>
  <img
    alt="loader"
    src="loader2.gif"
  />
</div>
`;
